<html>
<body>
<pre>
<h1>µVision Build Log</h1>
<h2>Project:</h2>
E:\v24he8t3\Desktop\arm\interrupts\interrupt.uvproj
Project File Date:  06/19/2025

<h2>Output:</h2>
Build target 'Target 1'
assembling Startup.s...
compiling interrupts_test.c...
compiling delay.c...
linking...
Program Size: Code=948 RO-data=32 RW-data=4 ZI-data=1260  
"interrupt.axf" - 0 Error(s), 0 Warning(s).
Build target 'Target 1'
assembling Startup.s...
compiling interrupts_test.c...
compiling delay.c...
linking...
Program Size: Code=1220 RO-data=32 RW-data=4 ZI-data=1260  
"interrupt.axf" - 0 Error(s), 0 Warning(s).
Build target 'Target 1'
assembling Startup.s...
compiling interrupts_test.c...
compiling delay.c...
linking...
Program Size: Code=1220 RO-data=32 RW-data=4 ZI-data=1260  
"interrupt.axf" - 0 Error(s), 0 Warning(s).
Build target 'Target 1'
assembling Startup.s...
compiling interrupts_test.c...
compiling delay.c...
linking...
Program Size: Code=1220 RO-data=32 RW-data=4 ZI-data=1260  
"interrupt.axf" - 0 Error(s), 0 Warning(s).
