<html>
<body>
<pre>
<h1>µVision Build Log</h1>
<h2>Project:</h2>
E:\v24he8t3\Desktop\arm\i2c\i2c.uvproj
Project File Date:  06/24/2025

<h2>Output:</h2>
Build target 'Target 1'
assembling Startup.s...
compiling i2c.c...
compiling i2c_eeprom.c...
compiling i2c_eeprom_test1.c...
compiling delay.c...
linking...
Program Size: Code=1468 RO-data=32 RW-data=12 ZI-data=1260  
"i2c.axf" - 0 Error(s), 0 Warning(s).
Build target 'Target 1'
assembling Startup.s...
compiling i2c.c...
compiling i2c_eeprom.c...
compiling i2c_eeprom_test1.c...
compiling delay.c...
linking...
Program Size: Code=1740 RO-data=32 RW-data=12 ZI-data=1260  
"i2c.axf" - 0 Error(s), 0 Warning(s).
Build target 'Target 1'
assembling Startup.s...
compiling i2c.c...
compiling i2c_eeprom.c...
compiling i2c_eeprom_test1.c...
compiling delay.c...
linking...
Program Size: Code=1772 RO-data=32 RW-data=12 ZI-data=1260  
"i2c.axf" - 0 Error(s), 0 Warning(s).
Build target 'Target 1'
assembling Startup.s...
compiling i2c.c...
compiling i2c_eeprom.c...
compiling i2c_eeprom_test1.c...
compiling delay.c...
linking...
Program Size: Code=1772 RO-data=32 RW-data=12 ZI-data=1260  
FromELF: creating hex file...
"i2c.axf" - 0 Error(s), 0 Warning(s).
Build target 'Target 1'
assembling Startup.s...
compiling i2c.c...
compiling i2c_eeprom.c...
compiling i2c_eeprom_test1.c...
i2c_eeprom_test1.c(14): warning:  #223-D: function "delay_s" declared implicitly
i2c_eeprom_test1.c:     delay_s(1);
i2c_eeprom_test1.c:     ^
i2c_eeprom_test1.c: i2c_eeprom_test1.c: 1 warning, 0 errors
compiling delay.c...
linking...
i2c.axf: Error: L6218E: Undefined symbol delay_s (referred from i2c_eeprom_test1.o).
i2c.axf: Not enough information to list image symbols.
i2c.axf: Finished: 1 information, 0 warning and 1 error messages.
Target not created
Build target 'Target 1'
assembling Startup.s...
compiling i2c.c...
compiling i2c_eeprom.c...
compiling i2c_eeprom_test1.c...
i2c_eeprom_test1.c(15): warning:  #223-D: function "delay_s" declared implicitly
i2c_eeprom_test1.c:     delay_s(1);
i2c_eeprom_test1.c:     ^
i2c_eeprom_test1.c: i2c_eeprom_test1.c: 1 warning, 0 errors
compiling delay.c...
linking...
i2c.axf: Error: L6218E: Undefined symbol delay_s (referred from i2c_eeprom_test1.o).
i2c.axf: Not enough information to list image symbols.
i2c.axf: Finished: 1 information, 0 warning and 1 error messages.
Target not created
Build target 'Target 1'
assembling Startup.s...
compiling i2c.c...
compiling i2c_eeprom.c...
compiling i2c_eeprom_test1.c...
i2c_eeprom_test1.c(15): warning:  #223-D: function "delay_s" declared implicitly
i2c_eeprom_test1.c:     delay_s(1);
i2c_eeprom_test1.c:     ^
i2c_eeprom_test1.c: i2c_eeprom_test1.c: 1 warning, 0 errors
compiling delay.c...
linking...
i2c.axf: Error: L6218E: Undefined symbol delay_s (referred from i2c_eeprom_test1.o).
i2c.axf: Not enough information to list image symbols.
i2c.axf: Finished: 1 information, 0 warning and 1 error messages.
Target not created
Build target 'Target 1'
assembling Startup.s...
compiling i2c.c...
compiling i2c_eeprom.c...
compiling i2c_eeprom_test1.c...
i2c_eeprom_test1.c(16): warning:  #223-D: function "delay_s" declared implicitly
i2c_eeprom_test1.c:     delay_s(1);
i2c_eeprom_test1.c:     ^
i2c_eeprom_test1.c: i2c_eeprom_test1.c: 1 warning, 0 errors
compiling delay.c...
linking...
i2c.axf: Error: L6218E: Undefined symbol delay_s (referred from i2c_eeprom_test1.o).
i2c.axf: Not enough information to list image symbols.
i2c.axf: Finished: 1 information, 0 warning and 1 error messages.
Target not created
Build target 'Target 1'
assembling Startup.s...
compiling i2c.c...
compiling i2c_eeprom.c...
compiling i2c_eeprom_test1.c...
compiling delay.c...
linking...
Program Size: Code=1780 RO-data=32 RW-data=12 ZI-data=1260  
FromELF: creating hex file...
"i2c.axf" - 0 Error(s), 0 Warning(s).
Build target 'Target 1'
assembling Startup.s...
compiling i2c.c...
compiling i2c_eeprom.c...
compiling i2c_eeprom_test1.c...
compiling delay.c...
linking...
Program Size: Code=1800 RO-data=32 RW-data=12 ZI-data=1260  
FromELF: creating hex file...
"i2c.axf" - 0 Error(s), 0 Warning(s).
