<html>
<body>
<pre>
<h1>µVision Build Log</h1>
<h2>Project:</h2>
E:\v24he8t3\Desktop\arm\calculator\calculator.uvproj
Project File Date:  06/08/2025

<h2>Output:</h2>
Build target 'Target 1'
assembling Startup.s...
compiling kpm.c...
compiling delay.c...
compiling lcd.c...
compiling main_mini.c...
linking...
Program Size: Code=4256 RO-data=48 RW-data=4 ZI-data=1260  
"calculator.axf" - 0 Error(s), 0 Warning(s).
Build target 'Target 1'
assembling Startup.s...
compiling kpm.c...
compiling delay.c...
compiling lcd.c...
compiling main_mini.c...
linking...
Program Size: Code=4528 RO-data=48 RW-data=4 ZI-data=1260  
FromELF: creating hex file...
"calculator.axf" - 0 Error(s), 0 Warning(s).
Build target 'Target 1'
assembling Startup.s...
compiling kpm.c...
compiling delay.c...
compiling lcd.c...
compiling main_mini.c...
linking...
Program Size: Code=4528 RO-data=48 RW-data=4 ZI-data=1260  
FromELF: creating hex file...
"calculator.axf" - 0 Error(s), 0 Warning(s).
Build target 'Target 1'
assembling Startup.s...
compiling kpm.c...
compiling delay.c...
compiling lcd.c...
compiling main_mini.c...
linking...
Program Size: Code=4540 RO-data=48 RW-data=4 ZI-data=1260  
FromELF: creating hex file...
"calculator.axf" - 0 Error(s), 0 Warning(s).
Build target 'Target 1'
assembling Startup.s...
compiling kpm.c...
compiling delay.c...
compiling lcd.c...
compiling main_mini.c...
linking...
Program Size: Code=4548 RO-data=48 RW-data=4 ZI-data=1260  
FromELF: creating hex file...
"calculator.axf" - 0 Error(s), 0 Warning(s).
Build target 'Target 1'
assembling Startup.s...
compiling kpm.c...
compiling delay.c...
compiling lcd.c...
compiling main_mini.c...
linking...
Program Size: Code=4448 RO-data=48 RW-data=4 ZI-data=1260  
FromELF: creating hex file...
"calculator.axf" - 0 Error(s), 0 Warning(s).
