<html>
<body>
<pre>
<h1>µVision Build Log</h1>
<h2>Project:</h2>
E:\v24he8t3\Desktop\arm\mini project\time_bounded.uvproj
Project File Date:  06/05/2025

<h2>Output:</h2>
Build target 'Target 1'
assembling Startup.s...
compiling ADC.c...
compiling delay.c...
compiling lcd.c...
compiling main_mini.c...
linking...
Program Size: Code=4468 RO-data=88 RW-data=0 ZI-data=1256  
"time_bounded.axf" - 0 Error(s), 0 Warning(s).
Build target 'Target 1'
assembling Startup.s...
compiling ADC.c...
compiling delay.c...
compiling lcd.c...
compiling main_mini.c...
linking...
Program Size: Code=4740 RO-data=88 RW-data=0 ZI-data=1256  
FromELF: creating hex file...
"time.axf" - 0 Error(s), 0 Warning(s).
Build target 'Target 1'
assembling Startup.s...
compiling ADC.c...
compiling delay.c...
compiling lcd.c...
compiling main_mini.c...
linking...
Program Size: Code=4740 RO-data=88 RW-data=0 ZI-data=1256  
FromELF: creating hex file...
"time.axf" - 0 Error(s), 0 Warning(s).
Build target 'Target 1'
assembling Startup.s...
compiling ADC.c...
compiling delay.c...
compiling lcd.c...
compiling main_mini.c...
linking...
Program Size: Code=4740 RO-data=88 RW-data=0 ZI-data=1256  
FromELF: creating hex file...
"time.axf" - 0 Error(s), 0 Warning(s).
Build target 'Target 1'
assembling Startup.s...
compiling ADC.c...
compiling delay.c...
compiling lcd.c...
compiling main_mini.c...
linking...
Program Size: Code=4740 RO-data=88 RW-data=0 ZI-data=1256  
FromELF: creating hex file...
"time.axf" - 0 Error(s), 0 Warning(s).
Build target 'Target 1'
assembling Startup.s...
compiling ADC.c...
compiling delay.c...
compiling lcd.c...
compiling main_mini.c...
linking...
Program Size: Code=4820 RO-data=88 RW-data=0 ZI-data=1256  
FromELF: creating hex file...
"time.axf" - 0 Error(s), 0 Warning(s).
Build target 'Target 1'
assembling Startup.s...
compiling ADC.c...
compiling delay.c...
compiling lcd.c...
compiling main_mini.c...
linking...
Program Size: Code=4828 RO-data=88 RW-data=0 ZI-data=1256  
FromELF: creating hex file...
"time.axf" - 0 Error(s), 0 Warning(s).
Build target 'Target 1'
assembling Startup.s...
compiling ADC.c...
compiling delay.c...
compiling lcd.c...
compiling main_mini.c...
linking...
Program Size: Code=4836 RO-data=88 RW-data=0 ZI-data=1256  
FromELF: creating hex file...
"time.axf" - 0 Error(s), 0 Warning(s).
Build target 'Target 1'
assembling Startup.s...
compiling ADC.c...
compiling delay.c...
compiling lcd.c...
compiling main_mini.c...
linking...
Program Size: Code=4836 RO-data=88 RW-data=0 ZI-data=1256  
FromELF: creating hex file...
"time.axf" - 0 Error(s), 0 Warning(s).
Build target 'Target 1'
assembling Startup.s...
compiling ADC.c...
compiling delay.c...
compiling lcd.c...
compiling main_mini.c...
linking...
Program Size: Code=4860 RO-data=88 RW-data=0 ZI-data=1256  
FromELF: creating hex file...
"time.axf" - 0 Error(s), 0 Warning(s).
Build target 'Target 1'
assembling Startup.s...
compiling ADC.c...
compiling delay.c...
compiling lcd.c...
compiling main_mini.c...
linking...
Program Size: Code=4860 RO-data=88 RW-data=0 ZI-data=1256  
FromELF: creating hex file...
"time.axf" - 0 Error(s), 0 Warning(s).
Build target 'Target 1'
assembling Startup.s...
compiling ADC.c...
compiling delay.c...
compiling lcd.c...
compiling main_mini.c...
linking...
Program Size: Code=4872 RO-data=88 RW-data=0 ZI-data=1256  
FromELF: creating hex file...
"time.axf" - 0 Error(s), 0 Warning(s).
Build target 'Target 1'
assembling Startup.s...
compiling ADC.c...
compiling delay.c...
compiling lcd.c...
compiling main_mini.c...
main_mini.c(35): warning:  #111-D: statement is unreachable
main_mini.c:                     goto lable;
main_mini.c:                     ^
main_mini.c: main_mini.c: 1 warning, 0 errors
linking...
Program Size: Code=4872 RO-data=88 RW-data=0 ZI-data=1256  
FromELF: creating hex file...
"time.axf" - 0 Error(s), 1 Warning(s).
Build target 'Target 1'
assembling Startup.s...
compiling ADC.c...
compiling delay.c...
compiling lcd.c...
compiling main_mini.c...
linking...
Program Size: Code=4892 RO-data=88 RW-data=0 ZI-data=1256  
FromELF: creating hex file...
"time.axf" - 0 Error(s), 0 Warning(s).
Build target 'Target 1'
assembling Startup.s...
compiling ADC.c...
compiling delay.c...
compiling lcd.c...
compiling main_mini.c...
linking...
Program Size: Code=4892 RO-data=88 RW-data=0 ZI-data=1256  
FromELF: creating hex file...
"time.axf" - 0 Error(s), 0 Warning(s).
Build target 'Target 1'
assembling Startup.s...
compiling ADC.c...
compiling delay.c...
compiling lcd.c...
compiling main_mini.c...
linking...
Program Size: Code=4900 RO-data=88 RW-data=0 ZI-data=1256  
FromELF: creating hex file...
"time.axf" - 0 Error(s), 0 Warning(s).
Build target 'Target 1'
assembling Startup.s...
compiling ADC.c...
compiling delay.c...
compiling lcd.c...
compiling main_mini.c...
main_mini.c(23): error:  #65: expected a ";"
main_mini.c:   goto lable2:    while(1){
main_mini.c:              ^
main_mini.c(40): warning:  #12-D: parsing restarts here after previous syntax error
main_mini.c:             }
main_mini.c:             ^
main_mini.c(23): error:  #114: label "lable2" was referenced but not defined
main_mini.c:   goto lable2:    while(1){
main_mini.c:        ^
main_mini.c(41): warning:  #177-D: label "lable" was declared but never referenced
main_mini.c:   lable:for(i=0;i<3;i++)
main_mini.c:   ^
main_mini.c: main_mini.c: 2 warnings, 2 errors
Target not created
Build target 'Target 1'
assembling Startup.s...
compiling ADC.c...
compiling delay.c...
compiling lcd.c...
compiling main_mini.c...
linking...
Program Size: Code=4928 RO-data=88 RW-data=0 ZI-data=1256  
FromELF: creating hex file...
"time.axf" - 0 Error(s), 0 Warning(s).
Build target 'Target 1'
assembling Startup.s...
compiling ADC.c...
compiling delay.c...
compiling lcd.c...
compiling main_mini.c...
linking...
Program Size: Code=4928 RO-data=88 RW-data=0 ZI-data=1256  
FromELF: creating hex file...
"time.axf" - 0 Error(s), 0 Warning(s).
Build target 'Target 1'
assembling Startup.s...
compiling ADC.c...
compiling delay.c...
compiling lcd.c...
compiling main_mini.c...
linking...
Program Size: Code=4928 RO-data=88 RW-data=0 ZI-data=1256  
FromELF: creating hex file...
"time.axf" - 0 Error(s), 0 Warning(s).
Build target 'Target 1'
assembling Startup.s...
compiling ADC.c...
compiling delay.c...
compiling lcd.c...
compiling main_mini.c...
linking...
Program Size: Code=4928 RO-data=88 RW-data=0 ZI-data=1256  
FromELF: creating hex file...
"time.axf" - 0 Error(s), 0 Warning(s).
Build target 'Target 1'
assembling Startup.s...
compiling ADC.c...
compiling delay.c...
compiling lcd.c...
compiling main_mini.c...
linking...
Program Size: Code=4928 RO-data=88 RW-data=0 ZI-data=1256  
FromELF: creating hex file...
"time.axf" - 0 Error(s), 0 Warning(s).
Build target 'Target 1'
assembling Startup.s...
compiling ADC.c...
compiling delay.c...
compiling lcd.c...
compiling main_mini.c...
linking...
Program Size: Code=4920 RO-data=88 RW-data=0 ZI-data=1256  
FromELF: creating hex file...
"time.axf" - 0 Error(s), 0 Warning(s).
Build target 'Target 1'
assembling Startup.s...
compiling ADC.c...
compiling delay.c...
compiling lcd.c...
compiling main_mini.c...
linking...
Program Size: Code=4920 RO-data=88 RW-data=0 ZI-data=1256  
FromELF: creating hex file...
"time.axf" - 0 Error(s), 0 Warning(s).
Build target 'Target 1'
assembling Startup.s...
compiling ADC.c...
compiling delay.c...
compiling lcd.c...
compiling main_mini.c...
linking...
Program Size: Code=4920 RO-data=88 RW-data=0 ZI-data=1256  
FromELF: creating hex file...
"time.axf" - 0 Error(s), 0 Warning(s).
Build target 'Target 1'
assembling Startup.s...
compiling ADC.c...
compiling delay.c...
compiling lcd.c...
compiling main_mini.c...
linking...
Program Size: Code=4932 RO-data=88 RW-data=0 ZI-data=1256  
FromELF: creating hex file...
"time.axf" - 0 Error(s), 0 Warning(s).
Build target 'Target 1'
assembling Startup.s...
compiling ADC.c...
compiling delay.c...
compiling lcd.c...
compiling main_mini.c...
linking...
Program Size: Code=4932 RO-data=88 RW-data=0 ZI-data=1256  
FromELF: creating hex file...
"time.axf" - 0 Error(s), 0 Warning(s).
Build target 'Target 1'
assembling Startup.s...
compiling ADC.c...
compiling delay.c...
compiling lcd.c...
compiling main_mini.c...
linking...
Program Size: Code=4932 RO-data=88 RW-data=0 ZI-data=1256  
FromELF: creating hex file...
"time.axf" - 0 Error(s), 0 Warning(s).
Build target 'Target 1'
assembling Startup.s...
compiling ADC.c...
compiling delay.c...
compiling lcd.c...
compiling main_mini.c...
linking...
Program Size: Code=4944 RO-data=88 RW-data=0 ZI-data=1256  
FromELF: creating hex file...
"time.axf" - 0 Error(s), 0 Warning(s).
Build target 'Target 1'
assembling Startup.s...
compiling ADC.c...
compiling delay.c...
compiling lcd.c...
compiling main_mini.c...
linking...
Program Size: Code=4944 RO-data=88 RW-data=0 ZI-data=1256  
FromELF: creating hex file...
"time.axf" - 0 Error(s), 0 Warning(s).
