<html>
<body>
<pre>
<h1>µVision Build Log</h1>
<h2>Project:</h2>
E:\v24he8t3\Desktop\arm\7segment\7segment.uvproj
Project File Date:  05/27/2025

<h2>Output:</h2>
Build target 'Target 1'
assembling Startup.s...
compiling time_mux.c...
linking...
Program Size: Code=1248 RO-data=56 RW-data=0 ZI-data=1256  
FromELF: creating hex file...
"7segment.axf" - 0 Error(s), 0 Warning(s).
Build target 'Target 1'
assembling Startup.s...
compiling time_mux.c...
linking...
Program Size: Code=1248 RO-data=56 RW-data=0 ZI-data=1256  
FromELF: creating hex file...
"7segment.axf" - 0 Error(s), 0 Warning(s).
Build target 'Target 1'
assembling Startup.s...
compiling time_mux.c...
linking...
Program Size: Code=1520 RO-data=56 RW-data=0 ZI-data=1256  
FromELF: creating hex file...
"7seg.axf" - 0 Error(s), 0 Warning(s).
Build target 'Target 1'
assembling Startup.s...
compiling time_mux.c...
linking...
Program Size: Code=1520 RO-data=56 RW-data=0 ZI-data=1256  
FromELF: creating hex file...
"7seg.axf" - 0 Error(s), 0 Warning(s).
Build target 'Target 1'
assembling Startup.s...
compiling MUX.c...
linking...
Program Size: Code=1136 RO-data=72 RW-data=8 ZI-data=1256  
FromELF: creating hex file...
"7seg.axf" - 0 Error(s), 0 Warning(s).
Build target 'Target 1'
assembling Startup.s...
compiling MUX.c...
linking...
Program Size: Code=1136 RO-data=72 RW-data=8 ZI-data=1256  
FromELF: creating hex file...
"7seg.axf" - 0 Error(s), 0 Warning(s).
Build target 'Target 1'
assembling Startup.s...
compiling MUX.c...
linking...
Program Size: Code=1132 RO-data=72 RW-data=8 ZI-data=1256  
FromELF: creating hex file...
"7seg.axf" - 0 Error(s), 0 Warning(s).
Build target 'Target 1'
assembling Startup.s...
compiling MUX.c...
linking...
Program Size: Code=1132 RO-data=72 RW-data=8 ZI-data=1256  
FromELF: creating hex file...
"7seg.axf" - 0 Error(s), 0 Warning(s).
Build target 'Target 1'
assembling Startup.s...
compiling MUX.c...
linking...
Program Size: Code=1132 RO-data=72 RW-data=8 ZI-data=1256  
FromELF: creating hex file...
"7seg.axf" - 0 Error(s), 0 Warning(s).
Build target 'Target 1'
assembling Startup.s...
compiling MUX.c...
linking...
Program Size: Code=1140 RO-data=72 RW-data=8 ZI-data=1256  
FromELF: creating hex file...
"7seg.axf" - 0 Error(s), 0 Warning(s).
Build target 'Target 1'
assembling Startup.s...
compiling MUX.c...
linking...
Program Size: Code=1140 RO-data=72 RW-data=8 ZI-data=1256  
FromELF: creating hex file...
"7seg.axf" - 0 Error(s), 0 Warning(s).
Build target 'Target 1'
assembling Startup.s...
compiling MUX.c...
linking...
Program Size: Code=1132 RO-data=72 RW-data=8 ZI-data=1256  
FromELF: creating hex file...
"7seg.axf" - 0 Error(s), 0 Warning(s).
Build target 'Target 1'
assembling Startup.s...
compiling MUX.c...
linking...
Program Size: Code=1144 RO-data=72 RW-data=8 ZI-data=1256  
FromELF: creating hex file...
"7seg.axf" - 0 Error(s), 0 Warning(s).
Build target 'Target 1'
assembling Startup.s...
compiling MUX.c...
linking...
Program Size: Code=1144 RO-data=72 RW-data=8 ZI-data=1256  
FromELF: creating hex file...
"7seg.axf" - 0 Error(s), 0 Warning(s).
Build target 'Target 1'
assembling Startup.s...
compiling MUX.c...
linking...
Program Size: Code=1144 RO-data=72 RW-data=8 ZI-data=1256  
FromELF: creating hex file...
"7seg.axf" - 0 Error(s), 0 Warning(s).
Build target 'Target 1'
compiling MUX.c...
linking...
Program Size: Code=1144 RO-data=72 RW-data=8 ZI-data=1256  
FromELF: creating hex file...
"7seg.axf" - 0 Error(s), 0 Warning(s).
Build target 'Target 1'
assembling Startup.s...
compiling MUX.c...
linking...
Program Size: Code=1144 RO-data=72 RW-data=8 ZI-data=1256  
FromELF: creating hex file...
"7seg.axf" - 0 Error(s), 0 Warning(s).
Build target 'Target 1'
assembling Startup.s...
compiling MUX.c...
linking...
Program Size: Code=1152 RO-data=72 RW-data=8 ZI-data=1256  
FromELF: creating hex file...
"7seg.axf" - 0 Error(s), 0 Warning(s).
Build target 'Target 1'
assembling Startup.s...
compiling MUX.c...
linking...
Program Size: Code=1144 RO-data=72 RW-data=8 ZI-data=1256  
FromELF: creating hex file...
"7seg.axf" - 0 Error(s), 0 Warning(s).
Build target 'Target 1'
assembling Startup.s...
compiling MUX.c...
linking...
Program Size: Code=1144 RO-data=72 RW-data=8 ZI-data=1256  
FromELF: creating hex file...
"dice.axf" - 0 Error(s), 0 Warning(s).
Build target 'Target 1'
compiling dice_by_switch.c...
dice_by_switch.c(25): error:  #20: identifier "a" is undefined
dice_by_switch.c:                                  for(a=250;a>0;a--){
dice_by_switch.c:                                      ^
dice_by_switch.c: dice_by_switch.c: 0 warnings, 1 error
Target not created
Build target 'Target 1'
compiling dice_by_switch.c...
linking...
Program Size: Code=1548 RO-data=56 RW-data=0 ZI-data=1488  
FromELF: creating hex file...
"dice.axf" - 0 Error(s), 0 Warning(s).
